============================= test session starts =============================
platform win32 -- Python 3.10.11, pytest-8.3.4, pluggy-1.6.0
rootdir: D:\tutor
configfile: pyproject.toml
plugins: anyio-4.12.1, asyncio-0.25.0, cov-6.0.0
asyncio: mode=auto, asyncio_default_fixture_loop_scope=None
collected 12 items

tests\test_interactions.py FFFFFFFFFFFF                                  [100%]

================================== FAILURES ===================================
______________________ TestInteractions.test_hand_raise _______________________
tests\test_interactions.py:34: in test_hand_raise
    assert resp.status_code == 200
E   assert 401 == 200
E    +  where 401 = <Response [401 Unauthorized]>.status_code
----------------------------- Captured log setup ------------------------------
WARNING  passlib.handlers.bcrypt:bcrypt.py:622 (trapped) error reading bcrypt version
Traceback (most recent call last):
  File "D:\tutor\venv\lib\site-packages\passlib\handlers\bcrypt.py", line 620, in _load_backend_mixin
    version = _bcrypt.__about__.__version__
AttributeError: module 'bcrypt' has no attribute '__about__'
___________________ TestInteractions.test_submit_doubt_text ___________________
tests\test_interactions.py:42: in test_submit_doubt_text
    assert resp.status_code in (200, 201)
E   assert 401 in (200, 201)
E    +  where 401 = <Response [401 Unauthorized]>.status_code
______________________ TestInteractions.test_list_doubts ______________________
tests\test_interactions.py:49: in test_list_doubts
    assert resp.status_code == 200
E   assert 401 == 200
E    +  where 401 = <Response [401 Unauthorized]>.status_code
_____________________ TestInteractions.test_record_pulse ______________________
tests\test_interactions.py:57: in test_record_pulse
    assert resp.status_code == 200
E   assert 401 == 200
E    +  where 401 = <Response [401 Unauthorized]>.status_code
_______________________ TestInteractions.test_get_pulse _______________________
tests\test_interactions.py:64: in test_get_pulse
    assert resp.status_code == 200
E   assert 401 == 200
E    +  where 401 = <Response [401 Unauthorized]>.status_code
_____________________ TestInteractions.test_chat_message ______________________
tests\test_interactions.py:76: in test_chat_message
    assert resp.status_code == 200
E   assert 401 == 200
E    +  where 401 = <Response [401 Unauthorized]>.status_code
_____________________ TestInteractions.test_generate_mcq ______________________
tests\test_interactions.py:84: in test_generate_mcq
    assert resp.status_code == 200
E   assert 401 == 200
E    +  where 401 = <Response [401 Unauthorized]>.status_code
_________________ TestInteractions.test_pulse_adjust_increase _________________
  + Exception Group Traceback (most recent call last):
  |   File "D:\tutor\venv\lib\site-packages\starlette\_utils.py", line 76, in collapse_excgroups
  |     yield
  |   File "D:\tutor\venv\lib\site-packages\starlette\middleware\base.py", line 186, in __call__
  |     async with anyio.create_task_group() as task_group:
  |   File "D:\tutor\venv\lib\site-packages\anyio\_backends\_asyncio.py", line 783, in __aexit__
  |     raise BaseExceptionGroup(
  | exceptiongroup.ExceptionGroup: unhandled errors in a TaskGroup (1 sub-exception)
  +-+---------------- 1 ----------------
    | Traceback (most recent call last):
    |   File "D:\tutor\venv\lib\site-packages\_pytest\runner.py", line 341, in from_call
    |     result: TResult | None = func()
    |   File "D:\tutor\venv\lib\site-packages\_pytest\runner.py", line 242, in <lambda>
    |     lambda: runtest_hook(item=item, **kwds), when=when, reraise=reraise
    |   File "D:\tutor\venv\lib\site-packages\pluggy\_hooks.py", line 512, in __call__
    |     return self._hookexec(self.name, self._hookimpls.copy(), kwargs, firstresult)
    |   File "D:\tutor\venv\lib\site-packages\pluggy\_manager.py", line 120, in _hookexec
    |     return self._inner_hookexec(hook_name, methods, kwargs, firstresult)
    |   File "D:\tutor\venv\lib\site-packages\pluggy\_callers.py", line 167, in _multicall
    |     raise exception
    |   File "D:\tutor\venv\lib\site-packages\pluggy\_callers.py", line 139, in _multicall
    |     teardown.throw(exception)
    |   File "D:\tutor\venv\lib\site-packages\_pytest\threadexception.py", line 92, in pytest_runtest_call
    |     yield from thread_exception_runtest_hook()
    |   File "D:\tutor\venv\lib\site-packages\_pytest\threadexception.py", line 68, in thread_exception_runtest_hook
    |     yield
    |   File "D:\tutor\venv\lib\site-packages\pluggy\_callers.py", line 139, in _multicall
    |     teardown.throw(exception)
    |   File "D:\tutor\venv\lib\site-packages\_pytest\unraisableexception.py", line 95, in pytest_runtest_call
    |     yield from unraisable_exception_runtest_hook()
    |   File "D:\tutor\venv\lib\site-packages\_pytest\unraisableexception.py", line 70, in unraisable_exception_runtest_hook
    |     yield
    |   File "D:\tutor\venv\lib\site-packages\pluggy\_callers.py", line 139, in _multicall
    |     teardown.throw(exception)
    |   File "D:\tutor\venv\lib\site-packages\_pytest\logging.py", line 846, in pytest_runtest_call
    |     yield from self._runtest_for(item, "call")
    |   File "D:\tutor\venv\lib\site-packages\_pytest\logging.py", line 829, in _runtest_for
    |     yield
    |   File "D:\tutor\venv\lib\site-packages\pluggy\_callers.py", line 139, in _multicall
    |     teardown.throw(exception)
    |   File "D:\tutor\venv\lib\site-packages\_pytest\capture.py", line 880, in pytest_runtest_call
    |     return (yield)
    |   File "D:\tutor\venv\lib\site-packages\pluggy\_callers.py", line 139, in _multicall
    |     teardown.throw(exception)
    |   File "D:\tutor\venv\lib\site-packages\_pytest\skipping.py", line 257, in pytest_runtest_call
    |     return (yield)
    |   File "D:\tutor\venv\lib\site-packages\pluggy\_callers.py", line 121, in _multicall
    |     res = hook_impl.function(*args)
    |   File "D:\tutor\venv\lib\site-packages\_pytest\runner.py", line 174, in pytest_runtest_call
    |     item.runtest()
    |   File "D:\tutor\venv\lib\site-packages\pytest_asyncio\plugin.py", line 533, in runtest
    |     super().runtest()
    |   File "D:\tutor\venv\lib\site-packages\_pytest\python.py", line 1627, in runtest
    |     self.ihook.pytest_pyfunc_call(pyfuncitem=self)
    |   File "D:\tutor\venv\lib\site-packages\pluggy\_hooks.py", line 512, in __call__
    |     return self._hookexec(self.name, self._hookimpls.copy(), kwargs, firstresult)
    |   File "D:\tutor\venv\lib\site-packages\pluggy\_manager.py", line 120, in _hookexec
    |     return self._inner_hookexec(hook_name, methods, kwargs, firstresult)
    |   File "D:\tutor\venv\lib\site-packages\pluggy\_callers.py", line 167, in _multicall
    |     raise exception
    |   File "D:\tutor\venv\lib\site-packages\pluggy\_callers.py", line 139, in _multicall
    |     teardown.throw(exception)
    |   File "D:\tutor\venv\lib\site-packages\pluggy\_callers.py", line 53, in run_old_style_hookwrapper
    |     return result.get_result()
    |   File "D:\tutor\venv\lib\site-packages\pluggy\_result.py", line 103, in get_result
    |     raise exc.with_traceback(tb)
    |   File "D:\tutor\venv\lib\site-packages\pluggy\_callers.py", line 38, in run_old_style_hookwrapper
    |     res = yield
    |   File "D:\tutor\venv\lib\site-packages\pluggy\_callers.py", line 121, in _multicall
    |     res = hook_impl.function(*args)
    |   File "D:\tutor\venv\lib\site-packages\_pytest\python.py", line 159, in pytest_pyfunc_call
    |     result = testfunction(**testargs)
    |   File "D:\tutor\venv\lib\site-packages\pytest_asyncio\plugin.py", line 1026, in inner
    |     _loop.run_until_complete(task)
    |   File "C:\Users\Dell\.pyenv\pyenv-win\versions\3.10.11\lib\asyncio\base_events.py", line 649, in run_until_complete
    |     return future.result()
    |   File "D:\tutor\tests\test_interactions.py", line 90, in test_pulse_adjust_increase
    |     session_id = await self._create_and_start_session(authenticated_client)
    |   File "D:\tutor\tests\test_interactions.py", line 25, in _create_and_start_session
    |     await client.post(f"/api/v1/sessions/{session_id}/start")
    |   File "D:\tutor\venv\lib\site-packages\httpx\_client.py", line 1859, in post
    |     return await self.request(
    |   File "D:\tutor\venv\lib\site-packages\httpx\_client.py", line 1540, in request
    |     return await self.send(request, auth=auth, follow_redirects=follow_redirects)
    |   File "D:\tutor\venv\lib\site-packages\httpx\_client.py", line 1629, in send
    |     response = await self._send_handling_auth(
    |   File "D:\tutor\venv\lib\site-packages\httpx\_client.py", line 1657, in _send_handling_auth
    |     response = await self._send_handling_redirects(
    |   File "D:\tutor\venv\lib\site-packages\httpx\_client.py", line 1694, in _send_handling_redirects
    |     response = await self._send_single_request(request)
    |   File "D:\tutor\venv\lib\site-packages\httpx\_client.py", line 1730, in _send_single_request
    |     response = await transport.handle_async_request(request)
    |   File "D:\tutor\venv\lib\site-packages\httpx\_transports\asgi.py", line 170, in handle_async_request
    |     await self.app(scope, receive, send)
    |   File "D:\tutor\venv\lib\site-packages\fastapi\applications.py", line 1054, in __call__
    |     await super().__call__(scope, receive, send)
    |   File "D:\tutor\venv\lib\site-packages\starlette\applications.py", line 113, in __call__
    |     await self.middleware_stack(scope, receive, send)
    |   File "D:\tutor\venv\lib\site-packages\starlette\middleware\errors.py", line 187, in __call__
    |     raise exc
    |   File "D:\tutor\venv\lib\site-packages\starlette\middleware\errors.py", line 165, in __call__
    |     await self.app(scope, receive, _send)
    |   File "D:\tutor\venv\lib\site-packages\starlette\middleware\base.py", line 185, in __call__
    |     with collapse_excgroups():
    |   File "C:\Users\Dell\.pyenv\pyenv-win\versions\3.10.11\lib\contextlib.py", line 153, in __exit__
    |     self.gen.throw(typ, value, traceback)
    |   File "D:\tutor\venv\lib\site-packages\starlette\_utils.py", line 82, in collapse_excgroups
    |     raise exc
    |   File "D:\tutor\venv\lib\site-packages\starlette\middleware\base.py", line 187, in __call__
    |     response = await self.dispatch_func(request, call_next)
    |   File "D:\tutor\app\middleware\logging_middleware.py", line 13, in dispatch
    |     response = await call_next(request)
    |   File "D:\tutor\venv\lib\site-packages\starlette\middleware\base.py", line 163, in call_next
    |     raise app_exc
    |   File "D:\tutor\venv\lib\site-packages\starlette\middleware\base.py", line 149, in coro
    |     await self.app(scope, receive_or_disconnect, send_no_error)
    |   File "D:\tutor\venv\lib\site-packages\starlette\middleware\cors.py", line 85, in __call__
    |     await self.app(scope, receive, send)
    |   File "D:\tutor\venv\lib\site-packages\starlette\middleware\exceptions.py", line 62, in __call__
    |     await wrap_app_handling_exceptions(self.app, conn)(scope, receive, send)
    |   File "D:\tutor\venv\lib\site-packages\starlette\_exception_handler.py", line 53, in wrapped_app
    |     raise exc
    |   File "D:\tutor\venv\lib\site-packages\starlette\_exception_handler.py", line 42, in wrapped_app
    |     await app(scope, receive, sender)
    |   File "D:\tutor\venv\lib\site-packages\starlette\routing.py", line 715, in __call__
    |     await self.middleware_stack(scope, receive, send)
    |   File "D:\tutor\venv\lib\site-packages\starlette\routing.py", line 735, in app
    |     await route.handle(scope, receive, send)
    |   File "D:\tutor\venv\lib\site-packages\starlette\routing.py", line 288, in handle
    |     await self.app(scope, receive, send)
    |   File "D:\tutor\venv\lib\site-packages\starlette\routing.py", line 76, in app
    |     await wrap_app_handling_exceptions(app, request)(scope, receive, send)
    |   File "D:\tutor\venv\lib\site-packages\starlette\_exception_handler.py", line 53, in wrapped_app
    |     raise exc
    |   File "D:\tutor\venv\lib\site-packages\starlette\_exception_handler.py", line 42, in wrapped_app
    |     await app(scope, receive, sender)
    |   File "D:\tutor\venv\lib\site-packages\starlette\routing.py", line 73, in app
    |     response = await f(request)
    |   File "D:\tutor\venv\lib\site-packages\fastapi\routing.py", line 301, in app
    |     raw_response = await run_endpoint_function(
    |   File "D:\tutor\venv\lib\site-packages\fastapi\routing.py", line 212, in run_endpoint_function
    |     return await dependant.call(**values)
    |   File "D:\tutor\app\api\v1\sessions.py", line 158, in start_session
    |     result = await service.start_session(session_id, user.id)
    |   File "D:\tutor\app\services\session_service.py", line 452, in start_session
    |     await self._db.flush()
    |   File "D:\tutor\venv\lib\site-packages\sqlalchemy\ext\asyncio\session.py", line 800, in flush
    |     await greenlet_spawn(self.sync_session.flush, objects=objects)
    |   File "D:\tutor\venv\lib\site-packages\sqlalchemy\util\_concurrency_py3k.py", line 203, in greenlet_spawn
    |     result = context.switch(value)
    |   File "D:\tutor\venv\lib\site-packages\sqlalchemy\orm\session.py", line 4352, in flush
    |     self._flush(objects)
    |   File "D:\tutor\venv\lib\site-packages\sqlalchemy\orm\session.py", line 4487, in _flush
    |     with util.safe_reraise():
    |   File "D:\tutor\venv\lib\site-packages\sqlalchemy\util\langhelpers.py", line 146, in __exit__
    |     raise exc_value.with_traceback(exc_tb)
    |   File "D:\tutor\venv\lib\site-packages\sqlalchemy\orm\session.py", line 4448, in _flush
    |     flush_context.execute()
    |   File "D:\tutor\venv\lib\site-packages\sqlalchemy\orm\unitofwork.py", line 466, in execute
    |     rec.execute(self)
    |   File "D:\tutor\venv\lib\site-packages\sqlalchemy\orm\unitofwork.py", line 642, in execute
    |     util.preloaded.orm_persistence.save_obj(
    |   File "D:\tutor\venv\lib\site-packages\sqlalchemy\orm\persistence.py", line 85, in save_obj
    |     _emit_update_statements(
    |   File "D:\tutor\venv\lib\site-packages\sqlalchemy\orm\persistence.py", line 948, in _emit_update_statements
    |     raise orm_exc.StaleDataError(
    | sqlalchemy.orm.exc.StaleDataError: UPDATE statement on table 'tutor_sessions' expected to update 1 row(s); 0 were matched.
    +------------------------------------

During handling of the above exception, another exception occurred:
tests\test_interactions.py:90: in test_pulse_adjust_increase
    session_id = await self._create_and_start_session(authenticated_client)
tests\test_interactions.py:25: in _create_and_start_session
    await client.post(f"/api/v1/sessions/{session_id}/start")
venv\lib\site-packages\httpx\_client.py:1859: in post
    return await self.request(
venv\lib\site-packages\httpx\_client.py:1540: in request
    return await self.send(request, auth=auth, follow_redirects=follow_redirects)
venv\lib\site-packages\httpx\_client.py:1629: in send
    response = await self._send_handling_auth(
venv\lib\site-packages\httpx\_client.py:1657: in _send_handling_auth
    response = await self._send_handling_redirects(
venv\lib\site-packages\httpx\_client.py:1694: in _send_handling_redirects
    response = await self._send_single_request(request)
venv\lib\site-packages\httpx\_client.py:1730: in _send_single_request
    response = await transport.handle_async_request(request)
venv\lib\site-packages\httpx\_transports\asgi.py:170: in handle_async_request
    await self.app(scope, receive, send)
venv\lib\site-packages\fastapi\applications.py:1054: in __call__
    await super().__call__(scope, receive, send)
venv\lib\site-packages\starlette\applications.py:113: in __call__
    await self.middleware_stack(scope, receive, send)
venv\lib\site-packages\starlette\middleware\errors.py:187: in __call__
    raise exc
venv\lib\site-packages\starlette\middleware\errors.py:165: in __call__
    await self.app(scope, receive, _send)
venv\lib\site-packages\starlette\middleware\base.py:185: in __call__
    with collapse_excgroups():
C:\Users\Dell\.pyenv\pyenv-win\versions\3.10.11\lib\contextlib.py:153: in __exit__
    self.gen.throw(typ, value, traceback)
venv\lib\site-packages\starlette\_utils.py:82: in collapse_excgroups
    raise exc
venv\lib\site-packages\starlette\middleware\base.py:187: in __call__
    response = await self.dispatch_func(request, call_next)
app\middleware\logging_middleware.py:13: in dispatch
    response = await call_next(request)
venv\lib\site-packages\starlette\middleware\base.py:163: in call_next
    raise app_exc
venv\lib\site-packages\starlette\middleware\base.py:149: in coro
    await self.app(scope, receive_or_disconnect, send_no_error)
venv\lib\site-packages\starlette\middleware\cors.py:85: in __call__
    await self.app(scope, receive, send)
venv\lib\site-packages\starlette\middleware\exceptions.py:62: in __call__
    await wrap_app_handling_exceptions(self.app, conn)(scope, receive, send)
venv\lib\site-packages\starlette\_exception_handler.py:53: in wrapped_app
    raise exc
venv\lib\site-packages\starlette\_exception_handler.py:42: in wrapped_app
    await app(scope, receive, sender)
venv\lib\site-packages\starlette\routing.py:715: in __call__
    await self.middleware_stack(scope, receive, send)
venv\lib\site-packages\starlette\routing.py:735: in app
    await route.handle(scope, receive, send)
venv\lib\site-packages\starlette\routing.py:288: in handle
    await self.app(scope, receive, send)
venv\lib\site-packages\starlette\routing.py:76: in app
    await wrap_app_handling_exceptions(app, request)(scope, receive, send)
venv\lib\site-packages\starlette\_exception_handler.py:53: in wrapped_app
    raise exc
venv\lib\site-packages\starlette\_exception_handler.py:42: in wrapped_app
    await app(scope, receive, sender)
venv\lib\site-packages\starlette\routing.py:73: in app
    response = await f(request)
venv\lib\site-packages\fastapi\routing.py:301: in app
    raw_response = await run_endpoint_function(
venv\lib\site-packages\fastapi\routing.py:212: in run_endpoint_function
    return await dependant.call(**values)
app\api\v1\sessions.py:158: in start_session
    result = await service.start_session(session_id, user.id)
app\services\session_service.py:452: in start_session
    await self._db.flush()
venv\lib\site-packages\sqlalchemy\ext\asyncio\session.py:800: in flush
    await greenlet_spawn(self.sync_session.flush, objects=objects)
venv\lib\site-packages\sqlalchemy\util\_concurrency_py3k.py:203: in greenlet_spawn
    result = context.switch(value)
venv\lib\site-packages\sqlalchemy\orm\session.py:4352: in flush
    self._flush(objects)
venv\lib\site-packages\sqlalchemy\orm\session.py:4487: in _flush
    with util.safe_reraise():
venv\lib\site-packages\sqlalchemy\util\langhelpers.py:146: in __exit__
    raise exc_value.with_traceback(exc_tb)
venv\lib\site-packages\sqlalchemy\orm\session.py:4448: in _flush
    flush_context.execute()
venv\lib\site-packages\sqlalchemy\orm\unitofwork.py:466: in execute
    rec.execute(self)
venv\lib\site-packages\sqlalchemy\orm\unitofwork.py:642: in execute
    util.preloaded.orm_persistence.save_obj(
venv\lib\site-packages\sqlalchemy\orm\persistence.py:85: in save_obj
    _emit_update_statements(
venv\lib\site-packages\sqlalchemy\orm\persistence.py:948: in _emit_update_statements
    raise orm_exc.StaleDataError(
E   sqlalchemy.orm.exc.StaleDataError: UPDATE statement on table 'tutor_sessions' expected to update 1 row(s); 0 were matched.
------------------------------ Captured log call ------------------------------
ERROR    ai_tutor:exception_handlers.py:80 Unhandled exception: UPDATE statement on table 'tutor_sessions' expected to update 1 row(s); 0 were matched.
  + Exception Group Traceback (most recent call last):
  |   File "D:\tutor\venv\lib\site-packages\starlette\_utils.py", line 76, in collapse_excgroups
  |     yield
  |   File "D:\tutor\venv\lib\site-packages\starlette\middleware\base.py", line 186, in __call__
  |     async with anyio.create_task_group() as task_group:
  |   File "D:\tutor\venv\lib\site-packages\anyio\_backends\_asyncio.py", line 783, in __aexit__
  |     raise BaseExceptionGroup(
  | exceptiongroup.ExceptionGroup: unhandled errors in a TaskGroup (1 sub-exception)
  +-+---------------- 1 ----------------
    | Traceback (most recent call last):
    |   File "D:\tutor\venv\lib\site-packages\starlette\middleware\errors.py", line 165, in __call__
    |     await self.app(scope, receive, _send)
    |   File "D:\tutor\venv\lib\site-packages\starlette\middleware\base.py", line 185, in __call__
    |     with collapse_excgroups():
    |   File "C:\Users\Dell\.pyenv\pyenv-win\versions\3.10.11\lib\contextlib.py", line 153, in __exit__
    |     self.gen.throw(typ, value, traceback)
    |   File "D:\tutor\venv\lib\site-packages\starlette\_utils.py", line 82, in collapse_excgroups
    |     raise exc
    |   File "D:\tutor\venv\lib\site-packages\starlette\middleware\base.py", line 187, in __call__
    |     response = await self.dispatch_func(request, call_next)
    |   File "D:\tutor\app\middleware\logging_middleware.py", line 13, in dispatch
    |     response = await call_next(request)
    |   File "D:\tutor\venv\lib\site-packages\starlette\middleware\base.py", line 163, in call_next
    |     raise app_exc
    |   File "D:\tutor\venv\lib\site-packages\starlette\middleware\base.py", line 149, in coro
    |     await self.app(scope, receive_or_disconnect, send_no_error)
    |   File "D:\tutor\venv\lib\site-packages\starlette\middleware\cors.py", line 85, in __call__
    |     await self.app(scope, receive, send)
    |   File "D:\tutor\venv\lib\site-packages\starlette\middleware\exceptions.py", line 62, in __call__
    |     await wrap_app_handling_exceptions(self.app, conn)(scope, receive, send)
    |   File "D:\tutor\venv\lib\site-packages\starlette\_exception_handler.py", line 53, in wrapped_app
    |     raise exc
    |   File "D:\tutor\venv\lib\site-packages\starlette\_exception_handler.py", line 42, in wrapped_app
    |     await app(scope, receive, sender)
    |   File "D:\tutor\venv\lib\site-packages\starlette\routing.py", line 715, in __call__
    |     await self.middleware_stack(scope, receive, send)
    |   File "D:\tutor\venv\lib\site-packages\starlette\routing.py", line 735, in app
    |     await route.handle(scope, receive, send)
    |   File "D:\tutor\venv\lib\site-packages\starlette\routing.py", line 288, in handle
    |     await self.app(scope, receive, send)
    |   File "D:\tutor\venv\lib\site-packages\starlette\routing.py", line 76, in app
    |     await wrap_app_handling_exceptions(app, request)(scope, receive, send)
    |   File "D:\tutor\venv\lib\site-packages\starlette\_exception_handler.py", line 53, in wrapped_app
    |     raise exc
    |   File "D:\tutor\venv\lib\site-packages\starlette\_exception_handler.py", line 42, in wrapped_app
    |     await app(scope, receive, sender)
    |   File "D:\tutor\venv\lib\site-packages\starlette\routing.py", line 73, in app
    |     response = await f(request)
    |   File "D:\tutor\venv\lib\site-packages\fastapi\routing.py", line 301, in app
    |     raw_response = await run_endpoint_function(
    |   File "D:\tutor\venv\lib\site-packages\fastapi\routing.py", line 212, in run_endpoint_function
    |     return await dependant.call(**values)
    |   File "D:\tutor\app\api\v1\sessions.py", line 158, in start_session
    |     result = await service.start_session(session_id, user.id)
    |   File "D:\tutor\app\services\session_service.py", line 452, in start_session
    |     await self._db.flush()
    |   File "D:\tutor\venv\lib\site-packages\sqlalchemy\ext\asyncio\session.py", line 800, in flush
    |     await greenlet_spawn(self.sync_session.flush, objects=objects)
    |   File "D:\tutor\venv\lib\site-packages\sqlalchemy\util\_concurrency_py3k.py", line 203, in greenlet_spawn
    |     result = context.switch(value)
    |   File "D:\tutor\venv\lib\site-packages\sqlalchemy\orm\session.py", line 4352, in flush
    |     self._flush(objects)
    |   File "D:\tutor\venv\lib\site-packages\sqlalchemy\orm\session.py", line 4487, in _flush
    |     with util.safe_reraise():
    |   File "D:\tutor\venv\lib\site-packages\sqlalchemy\util\langhelpers.py", line 146, in __exit__
    |     raise exc_value.with_traceback(exc_tb)
    |   File "D:\tutor\venv\lib\site-packages\sqlalchemy\orm\session.py", line 4448, in _flush
    |     flush_context.execute()
    |   File "D:\tutor\venv\lib\site-packages\sqlalchemy\orm\unitofwork.py", line 466, in execute
    |     rec.execute(self)
    |   File "D:\tutor\venv\lib\site-packages\sqlalchemy\orm\unitofwork.py", line 642, in execute
    |     util.preloaded.orm_persistence.save_obj(
    |   File "D:\tutor\venv\lib\site-packages\sqlalchemy\orm\persistence.py", line 85, in save_obj
    |     _emit_update_statements(
    |   File "D:\tutor\venv\lib\site-packages\sqlalchemy\orm\persistence.py", line 948, in _emit_update_statements
    |     raise orm_exc.StaleDataError(
    | sqlalchemy.orm.exc.StaleDataError: UPDATE statement on table 'tutor_sessions' expected to update 1 row(s); 0 were matched.
    +------------------------------------

During handling of the above exception, another exception occurred:

Traceback (most recent call last):
  File "D:\tutor\venv\lib\site-packages\starlette\middleware\errors.py", line 165, in __call__
    await self.app(scope, receive, _send)
  File "D:\tutor\venv\lib\site-packages\starlette\middleware\base.py", line 185, in __call__
    with collapse_excgroups():
  File "C:\Users\Dell\.pyenv\pyenv-win\versions\3.10.11\lib\contextlib.py", line 153, in __exit__
    self.gen.throw(typ, value, traceback)
  File "D:\tutor\venv\lib\site-packages\starlette\_utils.py", line 82, in collapse_excgroups
    raise exc
  File "D:\tutor\venv\lib\site-packages\starlette\middleware\base.py", line 187, in __call__
    response = await self.dispatch_func(request, call_next)
  File "D:\tutor\app\middleware\logging_middleware.py", line 13, in dispatch
    response = await call_next(request)
  File "D:\tutor\venv\lib\site-packages\starlette\middleware\base.py", line 163, in call_next
    raise app_exc
  File "D:\tutor\venv\lib\site-packages\starlette\middleware\base.py", line 149, in coro
    await self.app(scope, receive_or_disconnect, send_no_error)
  File "D:\tutor\venv\lib\site-packages\starlette\middleware\cors.py", line 85, in __call__
    await self.app(scope, receive, send)
  File "D:\tutor\venv\lib\site-packages\starlette\middleware\exceptions.py", line 62, in __call__
    await wrap_app_handling_exceptions(self.app, conn)(scope, receive, send)
  File "D:\tutor\venv\lib\site-packages\starlette\_exception_handler.py", line 53, in wrapped_app
    raise exc
  File "D:\tutor\venv\lib\site-packages\starlette\_exception_handler.py", line 42, in wrapped_app
    await app(scope, receive, sender)
  File "D:\tutor\venv\lib\site-packages\starlette\routing.py", line 715, in __call__
    await self.middleware_stack(scope, receive, send)
  File "D:\tutor\venv\lib\site-packages\starlette\routing.py", line 735, in app
    await route.handle(scope, receive, send)
  File "D:\tutor\venv\lib\site-packages\starlette\routing.py", line 288, in handle
    await self.app(scope, receive, send)
  File "D:\tutor\venv\lib\site-packages\starlette\routing.py", line 76, in app
    await wrap_app_handling_exceptions(app, request)(scope, receive, send)
  File "D:\tutor\venv\lib\site-packages\starlette\_exception_handler.py", line 53, in wrapped_app
    raise exc
  File "D:\tutor\venv\lib\site-packages\starlette\_exception_handler.py", line 42, in wrapped_app
    await app(scope, receive, sender)
  File "D:\tutor\venv\lib\site-packages\starlette\routing.py", line 73, in app
    response = await f(request)
  File "D:\tutor\venv\lib\site-packages\fastapi\routing.py", line 301, in app
    raw_response = await run_endpoint_function(
  File "D:\tutor\venv\lib\site-packages\fastapi\routing.py", line 212, in run_endpoint_function
    return await dependant.call(**values)
  File "D:\tutor\app\api\v1\sessions.py", line 158, in start_session
    result = await service.start_session(session_id, user.id)
  File "D:\tutor\app\services\session_service.py", line 452, in start_session
    await self._db.flush()
  File "D:\tutor\venv\lib\site-packages\sqlalchemy\ext\asyncio\session.py", line 800, in flush
    await greenlet_spawn(self.sync_session.flush, objects=objects)
  File "D:\tutor\venv\lib\site-packages\sqlalchemy\util\_concurrency_py3k.py", line 203, in greenlet_spawn
    result = context.switch(value)
  File "D:\tutor\venv\lib\site-packages\sqlalchemy\orm\session.py", line 4352, in flush
    self._flush(objects)
  File "D:\tutor\venv\lib\site-packages\sqlalchemy\orm\session.py", line 4487, in _flush
    with util.safe_reraise():
  File "D:\tutor\venv\lib\site-packages\sqlalchemy\util\langhelpers.py", line 146, in __exit__
    raise exc_value.with_traceback(exc_tb)
  File "D:\tutor\venv\lib\site-packages\sqlalchemy\orm\session.py", line 4448, in _flush
    flush_context.execute()
  File "D:\tutor\venv\lib\site-packages\sqlalchemy\orm\unitofwork.py", line 466, in execute
    rec.execute(self)
  File "D:\tutor\venv\lib\site-packages\sqlalchemy\orm\unitofwork.py", line 642, in execute
    util.preloaded.orm_persistence.save_obj(
  File "D:\tutor\venv\lib\site-packages\sqlalchemy\orm\persistence.py", line 85, in save_obj
    _emit_update_statements(
  File "D:\tutor\venv\lib\site-packages\sqlalchemy\orm\persistence.py", line 948, in _emit_update_statements
    raise orm_exc.StaleDataError(
sqlalchemy.orm.exc.StaleDataError: UPDATE statement on table 'tutor_sessions' expected to update 1 row(s); 0 were matched.
_________________ TestInteractions.test_pulse_adjust_decrease _________________
tests\test_interactions.py:107: in test_pulse_adjust_decrease
    assert resp.status_code == 200
E   assert 401 == 200
E    +  where 401 = <Response [401 Unauthorized]>.status_code
________________ TestInteractions.test_pulse_activity_tracking ________________
tests\test_interactions.py:118: in test_pulse_activity_tracking
    assert resp.status_code == 200
E   assert 401 == 200
E    +  where 401 = <Response [401 Unauthorized]>.status_code
_________________ TestInteractions.test_pulse_adjust_clamped __________________
tests\test_interactions.py:128: in test_pulse_adjust_clamped
    assert resp.status_code == 200
E   assert 401 == 200
E    +  where 401 = <Response [401 Unauthorized]>.status_code
_______________ TestInteractions.test_hand_raise_affects_pulse ________________
tests\test_interactions.py:147: in test_hand_raise_affects_pulse
    assert resp.status_code == 200
E   assert 401 == 200
E    +  where 401 = <Response [401 Unauthorized]>.status_code
============================== warnings summary ===============================
tests/test_interactions.py::TestInteractions::test_hand_raise
  D:\tutor\venv\lib\site-packages\pytest_asyncio\plugin.py:854: DeprecationWarning: The event_loop fixture provided by pytest-asyncio has been redefined in
  D:\tutor\tests\conftest.py:35
  Replacing the event_loop fixture with a custom implementation is deprecated
  and will lead to errors in the future.
  If you want to request an asyncio event loop with a scope other than function
  scope, use the "scope" argument to the asyncio mark when marking the tests.
  If you want to return different types of event loops, use the event_loop_policy
  fixture.
  
    warnings.warn(

-- Docs: https://docs.pytest.org/en/stable/how-to/capture-warnings.html
=========================== short test summary info ===========================
FAILED tests/test_interactions.py::TestInteractions::test_hand_raise - assert...
FAILED tests/test_interactions.py::TestInteractions::test_submit_doubt_text
FAILED tests/test_interactions.py::TestInteractions::test_list_doubts - asser...
FAILED tests/test_interactions.py::TestInteractions::test_record_pulse - asse...
FAILED tests/test_interactions.py::TestInteractions::test_get_pulse - assert ...
FAILED tests/test_interactions.py::TestInteractions::test_chat_message - asse...
FAILED tests/test_interactions.py::TestInteractions::test_generate_mcq - asse...
FAILED tests/test_interactions.py::TestInteractions::test_pulse_adjust_increase
FAILED tests/test_interactions.py::TestInteractions::test_pulse_adjust_decrease
FAILED tests/test_interactions.py::TestInteractions::test_pulse_activity_tracking
FAILED tests/test_interactions.py::TestInteractions::test_pulse_adjust_clamped
FAILED tests/test_interactions.py::TestInteractions::test_hand_raise_affects_pulse
================== 12 failed, 1 warning in 222.64s (0:03:42) ==================
